
Merging program properties

Removed property 0xc0000002 to merge /usr/lib64/gcc/x86_64-suse-linux/13/../../../../lib64/crt1.o (0x3) and main.o (not found)
Removed property 0xc0000002 to merge /usr/lib64/gcc/x86_64-suse-linux/13/../../../../lib64/crt1.o (not found) and /usr/lib64/gcc/x86_64-suse-linux/13/crtend.o (0x3)
Removed property 0xc0000002 to merge /usr/lib64/gcc/x86_64-suse-linux/13/../../../../lib64/crt1.o (not found) and /usr/lib64/gcc/x86_64-suse-linux/13/../../../../lib64/crtn.o (0x3)

Discarded input sections

 .note.GNU-stack
                0x0000000000000000        0x0 /usr/lib64/gcc/x86_64-suse-linux/13/../../../../lib64/crt1.o
 .note.gnu.property
                0x0000000000000000       0x50 /usr/lib64/gcc/x86_64-suse-linux/13/../../../../lib64/crti.o
 .note.GNU-stack
                0x0000000000000000        0x0 /usr/lib64/gcc/x86_64-suse-linux/13/../../../../lib64/crti.o
 .note.GNU-stack
                0x0000000000000000        0x0 /usr/lib64/gcc/x86_64-suse-linux/13/crtbegin.o
 .note.gnu.property
                0x0000000000000000       0x50 /usr/lib64/gcc/x86_64-suse-linux/13/crtbegin.o
 .group         0x0000000000000000        0x8 main.o
 .group         0x0000000000000000        0x8 main.o
 .group         0x0000000000000000        0x8 main.o
 .group         0x0000000000000000        0xc main.o
 .group         0x0000000000000000        0x8 main.o
 .group         0x0000000000000000        0xc main.o
 .group         0x0000000000000000        0xc main.o
 .group         0x0000000000000000        0xc main.o
 .group         0x0000000000000000        0xc main.o
 .group         0x0000000000000000        0xc main.o
 .group         0x0000000000000000        0xc main.o
 .group         0x0000000000000000        0x8 main.o
 .group         0x0000000000000000        0x8 main.o
 .group         0x0000000000000000        0x8 main.o
 .group         0x0000000000000000        0xc main.o
 .group         0x0000000000000000        0xc main.o
 .group         0x0000000000000000        0x8 main.o
 .group         0x0000000000000000        0xc main.o
 .group         0x0000000000000000        0xc main.o
 .group         0x0000000000000000        0xc main.o
 .group         0x0000000000000000        0xc main.o
 .group         0x0000000000000000        0x8 main.o
 .group         0x0000000000000000        0x8 main.o
 .group         0x0000000000000000        0xc main.o
 .group         0x0000000000000000        0x8 main.o
 .group         0x0000000000000000        0x8 main.o
 .group         0x0000000000000000        0xc main.o
 .group         0x0000000000000000        0xc main.o
 .group         0x0000000000000000        0xc main.o
 .group         0x0000000000000000        0xc main.o
 .group         0x0000000000000000        0xc main.o
 .group         0x0000000000000000        0xc main.o
 .group         0x0000000000000000        0x8 main.o
 .group         0x0000000000000000        0x8 main.o
 .group         0x0000000000000000        0x8 main.o
 .group         0x0000000000000000        0xc main.o
 .group         0x0000000000000000        0xc main.o
 .group         0x0000000000000000        0x8 main.o
 .group         0x0000000000000000        0xc main.o
 .group         0x0000000000000000        0xc main.o
 .group         0x0000000000000000        0xc main.o
 .group         0x0000000000000000        0x8 main.o
 .group         0x0000000000000000        0x8 main.o
 .group         0x0000000000000000        0xc main.o
 .group         0x0000000000000000        0xc main.o
 .group         0x0000000000000000        0xc main.o
 .group         0x0000000000000000        0xc main.o
 .group         0x0000000000000000        0xc main.o
 .group         0x0000000000000000        0xc main.o
 .group         0x0000000000000000        0x8 main.o
 .group         0x0000000000000000        0xc main.o
 .group         0x0000000000000000        0x8 main.o
 .group         0x0000000000000000        0xc main.o
 .group         0x0000000000000000        0xc main.o
 .group         0x0000000000000000        0xc main.o
 .group         0x0000000000000000        0x8 main.o
 .group         0x0000000000000000        0xc main.o
 .group         0x0000000000000000        0x8 main.o
 .group         0x0000000000000000        0xc main.o
 .group         0x0000000000000000        0xc main.o
 .group         0x0000000000000000        0xc main.o
 .group         0x0000000000000000        0xc main.o
 .group         0x0000000000000000        0x8 main.o
 .group         0x0000000000000000        0xc main.o
 .group         0x0000000000000000        0xc main.o
 .group         0x0000000000000000        0xc main.o
 .group         0x0000000000000000        0xc main.o
 .group         0x0000000000000000        0xc main.o
 .group         0x0000000000000000        0x8 main.o
 .group         0x0000000000000000        0x8 main.o
 .group         0x0000000000000000        0x8 main.o
 .group         0x0000000000000000        0x8 main.o
 .group         0x0000000000000000        0xc main.o
 .group         0x0000000000000000        0xc main.o
 .group         0x0000000000000000        0xc main.o
 .group         0x0000000000000000        0xc main.o
 .group         0x0000000000000000        0xc main.o
 .group         0x0000000000000000        0x8 main.o
 .group         0x0000000000000000        0xc main.o
 .group         0x0000000000000000        0xc main.o
 .group         0x0000000000000000        0xc main.o
 .group         0x0000000000000000        0xc main.o
 .group         0x0000000000000000        0xc main.o
 .group         0x0000000000000000        0xc main.o
 .group         0x0000000000000000        0xc main.o
 .group         0x0000000000000000        0xc main.o
 .group         0x0000000000000000        0xc main.o
 .group         0x0000000000000000        0xc main.o
 .group         0x0000000000000000        0xc main.o
 .group         0x0000000000000000        0x8 main.o
 .group         0x0000000000000000        0xc main.o
 .group         0x0000000000000000        0x8 main.o
 .group         0x0000000000000000        0xc main.o
 .group         0x0000000000000000        0xc main.o
 .group         0x0000000000000000        0x8 main.o
 .group         0x0000000000000000        0xc main.o
 .group         0x0000000000000000        0x8 main.o
 .group         0x0000000000000000        0xc main.o
 .group         0x0000000000000000        0xc main.o
 .group         0x0000000000000000        0xc main.o
 .group         0x0000000000000000        0xc main.o
 .group         0x0000000000000000        0x8 main.o
 .group         0x0000000000000000        0xc main.o
 .group         0x0000000000000000        0xc main.o
 .group         0x0000000000000000        0xc main.o
 .group         0x0000000000000000        0xc main.o
 .group         0x0000000000000000        0x8 main.o
 .group         0x0000000000000000        0xc main.o
 .group         0x0000000000000000        0x8 main.o
 .group         0x0000000000000000        0xc main.o
 .group         0x0000000000000000        0xc main.o
 .group         0x0000000000000000        0x8 main.o
 .group         0x0000000000000000        0xc main.o
 .group         0x0000000000000000        0xc main.o
 .group         0x0000000000000000        0xc main.o
 .group         0x0000000000000000        0xc main.o
 .group         0x0000000000000000        0x8 main.o
 .group         0x0000000000000000        0xc main.o
 .group         0x0000000000000000        0xc main.o
 .group         0x0000000000000000        0xc main.o
 .group         0x0000000000000000        0xc main.o
 .group         0x0000000000000000        0xc main.o
 .group         0x0000000000000000        0xc main.o
 .group         0x0000000000000000        0xc main.o
 .group         0x0000000000000000        0xc main.o
 .group         0x0000000000000000        0xc main.o
 .group         0x0000000000000000        0x8 main.o
 .group         0x0000000000000000        0xc main.o
 .group         0x0000000000000000        0x8 main.o
 .group         0x0000000000000000        0x8 main.o
 .group         0x0000000000000000        0xc main.o
 .group         0x0000000000000000        0xc main.o
 .group         0x0000000000000000        0xc main.o
 .group         0x0000000000000000        0xc main.o
 .group         0x0000000000000000        0x8 main.o
 .group         0x0000000000000000        0xc main.o
 .group         0x0000000000000000        0xc main.o
 .group         0x0000000000000000        0xc main.o
 .group         0x0000000000000000        0x8 main.o
 .group         0x0000000000000000        0xc main.o
 .group         0x0000000000000000        0xc main.o
 .group         0x0000000000000000        0x8 main.o
 .note.GNU-stack
                0x0000000000000000        0x0 main.o
 .note.gnu.property
                0x0000000000000000       0x30 main.o
 .note.GNU-stack
                0x0000000000000000        0x0 /usr/lib64/gcc/x86_64-suse-linux/13/crtend.o
 .note.gnu.property
                0x0000000000000000       0x50 /usr/lib64/gcc/x86_64-suse-linux/13/crtend.o
 .note.gnu.property
                0x0000000000000000       0x50 /usr/lib64/gcc/x86_64-suse-linux/13/../../../../lib64/crtn.o
 .note.GNU-stack
                0x0000000000000000        0x0 /usr/lib64/gcc/x86_64-suse-linux/13/../../../../lib64/crtn.o

Memory Configuration

Name             Origin             Length             Attributes
*default*        0x0000000000000000 0xffffffffffffffff

Linker script and memory map

LOAD /usr/lib64/gcc/x86_64-suse-linux/13/../../../../lib64/crt1.o
LOAD /usr/lib64/gcc/x86_64-suse-linux/13/../../../../lib64/crti.o
LOAD /usr/lib64/gcc/x86_64-suse-linux/13/crtbegin.o
LOAD main.o
LOAD /usr/lib64/gcc/x86_64-suse-linux/13/libstdc++.so
LOAD /usr/lib64/gcc/x86_64-suse-linux/13/../../../../lib64/libm.so
START GROUP
LOAD /lib64/libm.so.6
LOAD /lib64/libmvec.so.1
END GROUP
LOAD /usr/lib64/gcc/x86_64-suse-linux/13/libgcc_s.so
START GROUP
LOAD /usr/lib64/gcc/x86_64-suse-linux/13/../../../../lib64/libgcc_s.so.1
LOAD /usr/lib64/gcc/x86_64-suse-linux/13/libgcc.a
END GROUP
LOAD /usr/lib64/gcc/x86_64-suse-linux/13/libgcc.a
LOAD /usr/lib64/gcc/x86_64-suse-linux/13/../../../../lib64/libc.so
START GROUP
LOAD /lib64/libc.so.6
LOAD /usr/lib64/libc_nonshared.a
LOAD /lib64/ld-linux-x86-64.so.2
END GROUP
LOAD /usr/lib64/gcc/x86_64-suse-linux/13/libgcc_s.so
START GROUP
LOAD /usr/lib64/gcc/x86_64-suse-linux/13/../../../../lib64/libgcc_s.so.1
LOAD /usr/lib64/gcc/x86_64-suse-linux/13/libgcc.a
END GROUP
LOAD /usr/lib64/gcc/x86_64-suse-linux/13/libgcc.a
LOAD /usr/lib64/gcc/x86_64-suse-linux/13/crtend.o
LOAD /usr/lib64/gcc/x86_64-suse-linux/13/../../../../lib64/crtn.o
                [!provide]                        PROVIDE (__executable_start = SEGMENT_START ("text-segment", 0x400000))
                0x0000000000400318                . = (SEGMENT_START ("text-segment", 0x400000) + SIZEOF_HEADERS)

.interp         0x0000000000400318       0x1c
 *(.interp)
 .interp        0x0000000000400318       0x1c /usr/lib64/gcc/x86_64-suse-linux/13/../../../../lib64/crt1.o

.note.gnu.property
                0x0000000000400338       0x40
 .note.gnu.property
                0x0000000000400338       0x40 /usr/lib64/gcc/x86_64-suse-linux/13/../../../../lib64/crt1.o

.note.gnu.build-id
                0x0000000000400378       0x24
 *(.note.gnu.build-id)
 .note.gnu.build-id
                0x0000000000400378       0x24 /usr/lib64/gcc/x86_64-suse-linux/13/../../../../lib64/crt1.o

.note.ABI-tag   0x000000000040039c       0x20
 .note.ABI-tag  0x000000000040039c       0x20 /usr/lib64/gcc/x86_64-suse-linux/13/../../../../lib64/crt1.o

.hash           0x00000000004003c0       0xdc
 *(.hash)
 .hash          0x00000000004003c0       0xdc /usr/lib64/gcc/x86_64-suse-linux/13/../../../../lib64/crt1.o

.gnu.hash       0x00000000004004a0       0x34
 *(.gnu.hash)
 .gnu.hash      0x00000000004004a0       0x34 /usr/lib64/gcc/x86_64-suse-linux/13/../../../../lib64/crt1.o

.dynsym         0x00000000004004d8      0x360
 *(.dynsym)
 .dynsym        0x00000000004004d8      0x360 /usr/lib64/gcc/x86_64-suse-linux/13/../../../../lib64/crt1.o

.dynstr         0x0000000000400838      0x5f2
 *(.dynstr)
 .dynstr        0x0000000000400838      0x5f2 /usr/lib64/gcc/x86_64-suse-linux/13/../../../../lib64/crt1.o

.gnu.version    0x0000000000400e2a       0x48
 *(.gnu.version)
 .gnu.version   0x0000000000400e2a       0x48 /usr/lib64/gcc/x86_64-suse-linux/13/../../../../lib64/crt1.o

.gnu.version_d  0x0000000000400e78        0x0
 *(.gnu.version_d)
 .gnu.version_d
                0x0000000000400e78        0x0 /usr/lib64/gcc/x86_64-suse-linux/13/../../../../lib64/crt1.o

.gnu.version_r  0x0000000000400e78       0xc0
 *(.gnu.version_r)
 .gnu.version_r
                0x0000000000400e78       0xc0 /usr/lib64/gcc/x86_64-suse-linux/13/../../../../lib64/crt1.o

.rela.dyn       0x0000000000400f38       0x78
 *(.rela.init)
 *(.rela.text .rela.text.* .rela.gnu.linkonce.t.*)
 .rela.text     0x0000000000400f38        0x0 /usr/lib64/gcc/x86_64-suse-linux/13/../../../../lib64/crt1.o
 *(.rela.fini)
 *(.rela.rodata .rela.rodata.* .rela.gnu.linkonce.r.*)
 *(.rela.data .rela.data.* .rela.gnu.linkonce.d.*)
 .rela.data.rel.ro
                0x0000000000400f38        0x0 /usr/lib64/gcc/x86_64-suse-linux/13/../../../../lib64/crt1.o
 *(.rela.tdata .rela.tdata.* .rela.gnu.linkonce.td.*)
 *(.rela.tbss .rela.tbss.* .rela.gnu.linkonce.tb.*)
 *(.rela.ctors)
 *(.rela.dtors)
 *(.rela.got)
 .rela.got      0x0000000000400f38       0x60 /usr/lib64/gcc/x86_64-suse-linux/13/../../../../lib64/crt1.o
 *(.rela.bss .rela.bss.* .rela.gnu.linkonce.b.*)
 .rela.bss      0x0000000000400f98       0x18 /usr/lib64/gcc/x86_64-suse-linux/13/../../../../lib64/crt1.o
 *(.rela.ldata .rela.ldata.* .rela.gnu.linkonce.l.*)
 *(.rela.lbss .rela.lbss.* .rela.gnu.linkonce.lb.*)
 *(.rela.lrodata .rela.lrodata.* .rela.gnu.linkonce.lr.*)
 *(.rela.ifunc)
 .rela.eh_frame
                0x0000000000400fb0        0x0 /usr/lib64/gcc/x86_64-suse-linux/13/../../../../lib64/crt1.o

.rela.plt       0x0000000000400fb0      0x2a0
 *(.rela.plt)
 .rela.plt      0x0000000000400fb0      0x2a0 /usr/lib64/gcc/x86_64-suse-linux/13/../../../../lib64/crt1.o
                [!provide]                        PROVIDE (__rela_iplt_start = .)
 *(.rela.iplt)
 .rela.iplt     0x0000000000401250        0x0 /usr/lib64/gcc/x86_64-suse-linux/13/../../../../lib64/crt1.o
                [!provide]                        PROVIDE (__rela_iplt_end = .)

.relr.dyn
 *(.relr.dyn)
                0x0000000000402000                . = ALIGN (CONSTANT (MAXPAGESIZE))

.init           0x0000000000402000       0x1b
 *(SORT_NONE(.init))
 .init          0x0000000000402000       0x16 /usr/lib64/gcc/x86_64-suse-linux/13/../../../../lib64/crti.o
                0x0000000000402000                _init
 .init          0x0000000000402016        0x5 /usr/lib64/gcc/x86_64-suse-linux/13/../../../../lib64/crtn.o

.plt            0x0000000000402020      0x1d0
 *(.plt)
 .plt           0x0000000000402020      0x1d0 /usr/lib64/gcc/x86_64-suse-linux/13/../../../../lib64/crt1.o
                0x0000000000402030                std::__throw_bad_alloc()@@GLIBCXX_3.4
                0x0000000000402040                __cxa_begin_catch@@CXXABI_1.3
                0x0000000000402050                strlen@@GLIBC_2.2.5
                0x0000000000402060                std::basic_ostream<char, std::char_traits<char> >& std::endl<char, std::char_traits<char> >(std::basic_ostream<char, std::char_traits<char> >&)@@GLIBCXX_3.4
                0x0000000000402070                std::__throw_length_error(char const*)@@GLIBCXX_3.4
                0x0000000000402080                std::__cxx11::basic_string<char, std::char_traits<char>, std::allocator<char> >::~basic_string()@@GLIBCXX_3.4.21
                0x0000000000402090                std::__cxx11::basic_string<char, std::char_traits<char>, std::allocator<char> >::_M_set_length(unsigned long)@@GLIBCXX_3.4.21
                0x00000000004020a0                std::__cxx11::basic_string<char, std::char_traits<char>, std::allocator<char> >::size() const@@GLIBCXX_3.4.21
                0x00000000004020b0                std::__throw_logic_error(char const*)@@GLIBCXX_3.4
                0x00000000004020c0                std::__throw_bad_array_new_length()@@GLIBCXX_3.4.29
                0x00000000004020d0                std::__cxx11::basic_string<char, std::char_traits<char>, std::allocator<char> >::_M_local_data()@@GLIBCXX_3.4.21
                0x00000000004020e0                std::__cxx11::basic_string<char, std::char_traits<char>, std::allocator<char> >::_M_data(char*)@@GLIBCXX_3.4.21
                0x00000000004020f0                operator new(unsigned long)@@GLIBCXX_3.4
                0x0000000000402100                operator delete(void*, unsigned long)@@CXXABI_1.3.9
                0x0000000000402110                std::ostream::operator<<(std::ostream& (*)(std::ostream&))@@GLIBCXX_3.4
                0x0000000000402120                std::__cxx11::basic_string<char, std::char_traits<char>, std::allocator<char> >::_Alloc_hider::_Alloc_hider(char*, std::allocator<char> const&)@@GLIBCXX_3.4.21
                0x0000000000402130                std::__cxx11::basic_string<char, std::char_traits<char>, std::allocator<char> >::_M_data() const@@GLIBCXX_3.4.21
                0x0000000000402140                std::__cxx11::basic_string<char, std::char_traits<char>, std::allocator<char> >::_S_copy_chars(char*, char const*, char const*)@@GLIBCXX_3.4.21
                0x0000000000402150                std::__cxx11::basic_string<char, std::char_traits<char>, std::allocator<char> >::_M_dispose()@@GLIBCXX_3.4.21
                0x0000000000402160                __cxa_rethrow@@CXXABI_1.3
                0x0000000000402170                memmove@@GLIBC_2.2.5
                0x0000000000402180                __cxa_end_catch@@CXXABI_1.3
                0x0000000000402190                __gxx_personality_v0@@CXXABI_1.3
                0x00000000004021a0                std::ostream::operator<<(int)@@GLIBCXX_3.4
                0x00000000004021b0                _Unwind_Resume@@GCC_3.0
                0x00000000004021c0                std::__cxx11::basic_string<char, std::char_traits<char>, std::allocator<char> >::_M_create(unsigned long&, unsigned long)@@GLIBCXX_3.4.21
                0x00000000004021d0                std::__cxx11::basic_string<char, std::char_traits<char>, std::allocator<char> >::_M_capacity(unsigned long)@@GLIBCXX_3.4.21
                0x00000000004021e0                std::__cxx11::basic_string<char, std::char_traits<char>, std::allocator<char> >::operator[](unsigned long)@@GLIBCXX_3.4.21
 *(.iplt)
 .iplt          0x00000000004021f0        0x0 /usr/lib64/gcc/x86_64-suse-linux/13/../../../../lib64/crt1.o

.plt.got        0x00000000004021f0        0x0
 *(.plt.got)
 .plt.got       0x00000000004021f0        0x0 /usr/lib64/gcc/x86_64-suse-linux/13/../../../../lib64/crt1.o

.plt.sec
 *(.plt.sec)

.text           0x00000000004021f0     0x2be8
 *(.text.unlikely .text.*_unlikely .text.unlikely.*)
 *(.text.exit .text.exit.*)
 *(.text.startup .text.startup.*)
 *(.text.hot .text.hot.*)
 *(SORT_BY_NAME(.text.sorted.*))
 *(.text .stub .text.* .gnu.linkonce.t.*)
 .text          0x00000000004021f0       0x55 /usr/lib64/gcc/x86_64-suse-linux/13/../../../../lib64/crt1.o
                0x00000000004021fe                _start
                0x000000000040223e                _dl_relocate_static_pie
 .text          0x0000000000402245        0x0 /usr/lib64/gcc/x86_64-suse-linux/13/../../../../lib64/crti.o
 *fill*         0x0000000000402245        0xb 
 .text          0x0000000000402250       0xa6 /usr/lib64/gcc/x86_64-suse-linux/13/crtbegin.o
 .text          0x00000000004022f6      0x6cc main.o
                0x00000000004022f6                max_rectangle_area(std::vector<std::vector<int, std::allocator<int> >, std::allocator<std::vector<int, std::allocator<int> > > >&)
                0x000000000040262b                convert_to_matrix(std::vector<std::__cxx11::basic_string<char, std::char_traits<char>, std::allocator<char> >, std::allocator<std::__cxx11::basic_string<char, std::char_traits<char>, std::allocator<char> > > >&)
                0x00000000004027c0                matrix_challenge(std::vector<std::__cxx11::basic_string<char, std::char_traits<char>, std::allocator<char> >, std::allocator<std::__cxx11::basic_string<char, std::char_traits<char>, std::allocator<char> > > >&)
                0x0000000000402822                main
 .text._ZSt23__is_constant_evaluatedv
                0x00000000004029c2        0xb main.o
                0x00000000004029c2                std::__is_constant_evaluated()
 .text._ZnwmPv  0x00000000004029cd       0x12 main.o
                0x00000000004029cd                operator new(unsigned long, void*)
 .text._ZdlPvS_
                0x00000000004029df        0xf main.o
                0x00000000004029df                operator delete(void*, void*)
 .text._ZNSt11char_traitsIcE6lengthEPKc
                0x00000000004029ee       0x32 main.o
                0x00000000004029ee                std::char_traits<char>::length(char const*)
 .text._ZSt17__size_to_integerm
                0x0000000000402a20        0xe main.o
                0x0000000000402a20                std::__size_to_integer(unsigned long)
 .text._ZNSt12_Vector_baseIiSaIiEE12_Vector_implD2Ev
                0x0000000000402a2e       0x24 main.o
                0x0000000000402a2e                std::_Vector_base<int, std::allocator<int> >::_Vector_impl::~_Vector_impl()
                0x0000000000402a2e                std::_Vector_base<int, std::allocator<int> >::_Vector_impl::~_Vector_impl()
 .text._ZNSt12_Vector_baseIiSaIiEEC2Ev
                0x0000000000402a52       0x1b main.o
                0x0000000000402a52                std::_Vector_base<int, std::allocator<int> >::_Vector_base()
                0x0000000000402a52                std::_Vector_base<int, std::allocator<int> >::_Vector_base()
 *fill*         0x0000000000402a6d        0x1 
 .text._ZNSt6vectorIiSaIiEEC2Ev
                0x0000000000402a6e       0x1b main.o
                0x0000000000402a6e                std::vector<int, std::allocator<int> >::vector()
                0x0000000000402a6e                std::vector<int, std::allocator<int> >::vector()
 *fill*         0x0000000000402a89        0x1 
 .text._ZNSt12_Vector_baseISt6vectorIiSaIiEESaIS2_EE12_Vector_implD2Ev
                0x0000000000402a8a       0x24 main.o
                0x0000000000402a8a                std::_Vector_base<std::vector<int, std::allocator<int> >, std::allocator<std::vector<int, std::allocator<int> > > >::_Vector_impl::~_Vector_impl()
                0x0000000000402a8a                std::_Vector_base<std::vector<int, std::allocator<int> >, std::allocator<std::vector<int, std::allocator<int> > > >::_Vector_impl::~_Vector_impl()
 .text._ZN9__gnu_cxx11char_traitsIcE6lengthEPKc
                0x0000000000402aae       0x46 main.o
                0x0000000000402aae                __gnu_cxx::char_traits<char>::length(char const*)
 .text._ZNSt7__cxx1112basic_stringIcSt11char_traitsIcESaIcEE12_Alloc_hiderD2Ev
                0x0000000000402af4       0x24 main.o
                0x0000000000402af4                std::__cxx11::basic_string<char, std::char_traits<char>, std::allocator<char> >::_Alloc_hider::~_Alloc_hider()
                0x0000000000402af4                std::__cxx11::basic_string<char, std::char_traits<char>, std::allocator<char> >::_Alloc_hider::~_Alloc_hider()
 .text._ZNKSt6vectorIS_IiSaIiEESaIS1_EE4sizeEv
                0x0000000000402b18       0x2e main.o
                0x0000000000402b18                std::vector<std::vector<int, std::allocator<int> >, std::allocator<std::vector<int, std::allocator<int> > > >::size() const
 .text._ZNSt6vectorIS_IiSaIiEESaIS1_EEixEm
                0x0000000000402b46       0x29 main.o
                0x0000000000402b46                std::vector<std::vector<int, std::allocator<int> >, std::allocator<std::vector<int, std::allocator<int> > > >::operator[](unsigned long)
 *fill*         0x0000000000402b6f        0x1 
 .text._ZNKSt6vectorIiSaIiEE4sizeEv
                0x0000000000402b70       0x23 main.o
                0x0000000000402b70                std::vector<int, std::allocator<int> >::size() const
 *fill*         0x0000000000402b93        0x1 
 .text._ZNSt6vectorIiSaIiEEC2EmRKiRKS0_
                0x0000000000402b94       0x7e main.o
                0x0000000000402b94                std::vector<int, std::allocator<int> >::vector(unsigned long, int const&, std::allocator<int> const&)
                0x0000000000402b94                std::vector<int, std::allocator<int> >::vector(unsigned long, int const&, std::allocator<int> const&)
 .text._ZNSt6vectorIiSaIiEED2Ev
                0x0000000000402c12       0x56 main.o
                0x0000000000402c12                std::vector<int, std::allocator<int> >::~vector()
                0x0000000000402c12                std::vector<int, std::allocator<int> >::~vector()
 .text._ZNSt6vectorIiSaIiEEixEm
                0x0000000000402c68       0x20 main.o
                0x0000000000402c68                std::vector<int, std::allocator<int> >::operator[](unsigned long)
 .text._ZNSt12_Vector_baseIiSaIiEE12_Vector_implC2Ev
                0x0000000000402c88       0x2d main.o
                0x0000000000402c88                std::_Vector_base<int, std::allocator<int> >::_Vector_impl::_Vector_impl()
                0x0000000000402c88                std::_Vector_base<int, std::allocator<int> >::_Vector_impl::_Vector_impl()
 *fill*         0x0000000000402cb5        0x1 
 .text._ZNSt12_Vector_baseIiSaIiEED2Ev
                0x0000000000402cb6       0x4d main.o
                0x0000000000402cb6                std::_Vector_base<int, std::allocator<int> >::~_Vector_base()
                0x0000000000402cb6                std::_Vector_base<int, std::allocator<int> >::~_Vector_base()
 *fill*         0x0000000000402d03        0x1 
 .text._ZNKSt6vectorIiSaIiEE5emptyEv
                0x0000000000402d04       0x41 main.o
                0x0000000000402d04                std::vector<int, std::allocator<int> >::empty() const
 *fill*         0x0000000000402d45        0x1 
 .text._ZNSt6vectorIiSaIiEE4backEv
                0x0000000000402d46       0x3f main.o
                0x0000000000402d46                std::vector<int, std::allocator<int> >::back()
 *fill*         0x0000000000402d85        0x1 
 .text._ZNSt6vectorIiSaIiEE8pop_backEv
                0x0000000000402d86       0x45 main.o
                0x0000000000402d86                std::vector<int, std::allocator<int> >::pop_back()
 .text._ZSt3maxIiERKT_S2_S2_
                0x0000000000402dcb       0x28 main.o
                0x0000000000402dcb                int const& std::max<int>(int const&, int const&)
 *fill*         0x0000000000402df3        0x1 
 .text._ZNSt6vectorIiSaIiEE9push_backERKi
                0x0000000000402df4       0xc7 main.o
                0x0000000000402df4                std::vector<int, std::allocator<int> >::push_back(int const&)
 *fill*         0x0000000000402ebb        0x1 
 .text._ZNKSt6vectorINSt7__cxx1112basic_stringIcSt11char_traitsIcESaIcEEESaIS5_EE4sizeEv
                0x0000000000402ebc       0x23 main.o
                0x0000000000402ebc                std::vector<std::__cxx11::basic_string<char, std::char_traits<char>, std::allocator<char> >, std::allocator<std::__cxx11::basic_string<char, std::char_traits<char>, std::allocator<char> > > >::size() const
 *fill*         0x0000000000402edf        0x1 
 .text._ZNSt6vectorINSt7__cxx1112basic_stringIcSt11char_traitsIcESaIcEEESaIS5_EEixEm
                0x0000000000402ee0       0x20 main.o
                0x0000000000402ee0                std::vector<std::__cxx11::basic_string<char, std::char_traits<char>, std::allocator<char> >, std::allocator<std::__cxx11::basic_string<char, std::char_traits<char>, std::allocator<char> > > >::operator[](unsigned long)
 .text._ZNSt6vectorIS_IiSaIiEESaIS1_EEC2EmRKS1_RKS2_
                0x0000000000402f00       0x7e main.o
                0x0000000000402f00                std::vector<std::vector<int, std::allocator<int> >, std::allocator<std::vector<int, std::allocator<int> > > >::vector(unsigned long, std::vector<int, std::allocator<int> > const&, std::allocator<std::vector<int, std::allocator<int> > > const&)
                0x0000000000402f00                std::vector<std::vector<int, std::allocator<int> >, std::allocator<std::vector<int, std::allocator<int> > > >::vector(unsigned long, std::vector<int, std::allocator<int> > const&, std::allocator<std::vector<int, std::allocator<int> > > const&)
 .text._ZNSt6vectorIS_IiSaIiEESaIS1_EED2Ev
                0x0000000000402f7e       0x56 main.o
                0x0000000000402f7e                std::vector<std::vector<int, std::allocator<int> >, std::allocator<std::vector<int, std::allocator<int> > > >::~vector()
                0x0000000000402f7e                std::vector<std::vector<int, std::allocator<int> >, std::allocator<std::vector<int, std::allocator<int> > > >::~vector()
 .text._ZNSt12_Vector_baseISt6vectorIiSaIiEESaIS2_EED2Ev
                0x0000000000402fd4       0x58 main.o
                0x0000000000402fd4                std::_Vector_base<std::vector<int, std::allocator<int> >, std::allocator<std::vector<int, std::allocator<int> > > >::~_Vector_base()
                0x0000000000402fd4                std::_Vector_base<std::vector<int, std::allocator<int> >, std::allocator<std::vector<int, std::allocator<int> > > >::~_Vector_base()
 .text._ZNSt7__cxx1112basic_stringIcSt11char_traitsIcESaIcEEC2IS3_EEPKcRKS3_
                0x000000000040302c       0x9b main.o
                0x000000000040302c                std::__cxx11::basic_string<char, std::char_traits<char>, std::allocator<char> >::basic_string<std::allocator<char> >(char const*, std::allocator<char> const&)
                0x000000000040302c                std::__cxx11::basic_string<char, std::char_traits<char>, std::allocator<char> >::basic_string<std::allocator<char> >(char const*, std::allocator<char> const&)
 *fill*         0x00000000004030c7        0x1 
 .text._ZNSt6vectorINSt7__cxx1112basic_stringIcSt11char_traitsIcESaIcEEESaIS5_EEC2IPKPKcvEET_SD_RKS6_
                0x00000000004030c8       0x66 main.o
                0x00000000004030c8                std::vector<std::__cxx11::basic_string<char, std::char_traits<char>, std::allocator<char> >, std::allocator<std::__cxx11::basic_string<char, std::char_traits<char>, std::allocator<char> > > >::vector<char const* const*, void>(char const* const*, char const* const*, std::allocator<std::__cxx11::basic_string<char, std::char_traits<char>, std::allocator<char> > > const&)
                0x00000000004030c8                std::vector<std::__cxx11::basic_string<char, std::char_traits<char>, std::allocator<char> >, std::allocator<std::__cxx11::basic_string<char, std::char_traits<char>, std::allocator<char> > > >::vector<char const* const*, void>(char const* const*, char const* const*, std::allocator<std::__cxx11::basic_string<char, std::char_traits<char>, std::allocator<char> > > const&)
 .text._ZNSt6vectorINSt7__cxx1112basic_stringIcSt11char_traitsIcESaIcEEESaIS5_EED2Ev
                0x000000000040312e       0x56 main.o
                0x000000000040312e                std::vector<std::__cxx11::basic_string<char, std::char_traits<char>, std::allocator<char> >, std::allocator<std::__cxx11::basic_string<char, std::char_traits<char>, std::allocator<char> > > >::~vector()
                0x000000000040312e                std::vector<std::__cxx11::basic_string<char, std::char_traits<char>, std::allocator<char> >, std::allocator<std::__cxx11::basic_string<char, std::char_traits<char>, std::allocator<char> > > >::~vector()
 .text._ZN9__gnu_cxx11char_traitsIcE2eqERKcS3_
                0x0000000000403184       0x21 main.o
                0x0000000000403184                __gnu_cxx::char_traits<char>::eq(char const&, char const&)
 *fill*         0x00000000004031a5        0x1 
 .text._ZNSt15__new_allocatorIcED2Ev
                0x00000000004031a6        0xb main.o
                0x00000000004031a6                std::__new_allocator<char>::~__new_allocator()
                0x00000000004031a6                std::__new_allocator<char>::~__new_allocator()
 *fill*         0x00000000004031b1        0x1 
 .text._ZZNSt7__cxx1112basic_stringIcSt11char_traitsIcESaIcEE12_M_constructIPKcEEvT_S8_St20forward_iterator_tagEN6_GuardC2EPS4_
                0x00000000004031b2       0x1a main.o
                0x00000000004031b2                std::__cxx11::basic_string<char, std::char_traits<char>, std::allocator<char> >::_M_construct<char const*>(char const*, char const*, std::forward_iterator_tag)::_Guard::_Guard(std::__cxx11::basic_string<char, std::char_traits<char>, std::allocator<char> >*)
                0x00000000004031b2                std::__cxx11::basic_string<char, std::char_traits<char>, std::allocator<char> >::_M_construct<char const*>(char const*, char const*, std::forward_iterator_tag)::_Guard::_Guard(std::__cxx11::basic_string<char, std::char_traits<char>, std::allocator<char> >*)
 .text._ZZNSt7__cxx1112basic_stringIcSt11char_traitsIcESaIcEE12_M_constructIPKcEEvT_S8_St20forward_iterator_tagEN6_GuardD2Ev
                0x00000000004031cc       0x2a main.o
                0x00000000004031cc                std::__cxx11::basic_string<char, std::char_traits<char>, std::allocator<char> >::_M_construct<char const*>(char const*, char const*, std::forward_iterator_tag)::_Guard::~_Guard()
                0x00000000004031cc                std::__cxx11::basic_string<char, std::char_traits<char>, std::allocator<char> >::_M_construct<char const*>(char const*, char const*, std::forward_iterator_tag)::_Guard::~_Guard()
 .text._ZNSt7__cxx1112basic_stringIcSt11char_traitsIcESaIcEE12_M_constructIPKcEEvT_S8_St20forward_iterator_tag
                0x00000000004031f6       0xfe main.o
                0x00000000004031f6                void std::__cxx11::basic_string<char, std::char_traits<char>, std::allocator<char> >::_M_construct<char const*>(char const*, char const*, std::forward_iterator_tag)
 .text._ZNSt15__new_allocatorIiED2Ev
                0x00000000004032f4        0xb main.o
                0x00000000004032f4                std::__new_allocator<int>::~__new_allocator()
                0x00000000004032f4                std::__new_allocator<int>::~__new_allocator()
 .text._ZNSt6vectorIiSaIiEE17_S_check_init_lenEmRKS0_
                0x00000000004032ff       0x63 main.o
                0x00000000004032ff                std::vector<int, std::allocator<int> >::_S_check_init_len(unsigned long, std::allocator<int> const&)
 .text._ZNSt12_Vector_baseIiSaIiEEC2EmRKS0_
                0x0000000000403362       0x5d main.o
                0x0000000000403362                std::_Vector_base<int, std::allocator<int> >::_Vector_base(unsigned long, std::allocator<int> const&)
                0x0000000000403362                std::_Vector_base<int, std::allocator<int> >::_Vector_base(unsigned long, std::allocator<int> const&)
 *fill*         0x00000000004033bf        0x1 
 .text._ZNSt6vectorIiSaIiEE18_M_fill_initializeEmRKi
                0x00000000004033c0       0x45 main.o
                0x00000000004033c0                std::vector<int, std::allocator<int> >::_M_fill_initialize(unsigned long, int const&)
 *fill*         0x0000000000403405        0x1 
 .text._ZNSt12_Vector_baseIiSaIiEE19_M_get_Tp_allocatorEv
                0x0000000000403406        0xe main.o
                0x0000000000403406                std::_Vector_base<int, std::allocator<int> >::_M_get_Tp_allocator()
 .text._ZNSt12_Vector_baseIiSaIiEE17_Vector_impl_dataC2Ev
                0x0000000000403414       0x2e main.o
                0x0000000000403414                std::_Vector_base<int, std::allocator<int> >::_Vector_impl_data::_Vector_impl_data()
                0x0000000000403414                std::_Vector_base<int, std::allocator<int> >::_Vector_impl_data::_Vector_impl_data()
 .text._ZNSt12_Vector_baseIiSaIiEE13_M_deallocateEPim
                0x0000000000403442       0x4e main.o
                0x0000000000403442                std::_Vector_base<int, std::allocator<int> >::_M_deallocate(int*, unsigned long)
 .text._ZNKSt6vectorIiSaIiEE5beginEv
                0x0000000000403490       0x25 main.o
                0x0000000000403490                std::vector<int, std::allocator<int> >::begin() const
 *fill*         0x00000000004034b5        0x1 
 .text._ZNKSt6vectorIiSaIiEE3endEv
                0x00000000004034b6       0x29 main.o
                0x00000000004034b6                std::vector<int, std::allocator<int> >::end() const
 .text._ZN9__gnu_cxxeqIPKiSt6vectorIiSaIiEEEEbRKNS_17__normal_iteratorIT_T0_EESB_
                0x00000000004034df       0x3b main.o
                0x00000000004034df                bool __gnu_cxx::operator==<int const*, std::vector<int, std::allocator<int> > >(__gnu_cxx::__normal_iterator<int const*, std::vector<int, std::allocator<int> > > const&, __gnu_cxx::__normal_iterator<int const*, std::vector<int, std::allocator<int> > > const&)
 .text._ZNSt6vectorIiSaIiEE3endEv
                0x000000000040351a       0x29 main.o
                0x000000000040351a                std::vector<int, std::allocator<int> >::end()
 *fill*         0x0000000000403543        0x1 
 .text._ZNK9__gnu_cxx17__normal_iteratorIPiSt6vectorIiSaIiEEEmiEl
                0x0000000000403544       0x42 main.o
                0x0000000000403544                __gnu_cxx::__normal_iterator<int*, std::vector<int, std::allocator<int> > >::operator-(long) const
 .text._ZNK9__gnu_cxx17__normal_iteratorIPiSt6vectorIiSaIiEEEdeEv
                0x0000000000403586       0x11 main.o
                0x0000000000403586                __gnu_cxx::__normal_iterator<int*, std::vector<int, std::allocator<int> > >::operator*() const
 *fill*         0x0000000000403597        0x1 
 .text._ZNSt6vectorIiSaIiEE17_M_realloc_insertIJRKiEEEvN9__gnu_cxx17__normal_iteratorIPiS1_EEDpOT_
                0x0000000000403598      0x213 main.o
                0x0000000000403598                void std::vector<int, std::allocator<int> >::_M_realloc_insert<int const&>(__gnu_cxx::__normal_iterator<int*, std::vector<int, std::allocator<int> > >, int const&)
 *fill*         0x00000000004037ab        0x1 
 .text._ZNSt15__new_allocatorISt6vectorIiSaIiEEED2Ev
                0x00000000004037ac        0xb main.o
                0x00000000004037ac                std::__new_allocator<std::vector<int, std::allocator<int> > >::~__new_allocator()
                0x00000000004037ac                std::__new_allocator<std::vector<int, std::allocator<int> > >::~__new_allocator()
 .text._ZNSt6vectorIS_IiSaIiEESaIS1_EE17_S_check_init_lenEmRKS2_
                0x00000000004037b7       0x63 main.o
                0x00000000004037b7                std::vector<std::vector<int, std::allocator<int> >, std::allocator<std::vector<int, std::allocator<int> > > >::_S_check_init_len(unsigned long, std::allocator<std::vector<int, std::allocator<int> > > const&)
 .text._ZNSt12_Vector_baseISt6vectorIiSaIiEESaIS2_EEC2EmRKS3_
                0x000000000040381a       0x5d main.o
                0x000000000040381a                std::_Vector_base<std::vector<int, std::allocator<int> >, std::allocator<std::vector<int, std::allocator<int> > > >::_Vector_base(unsigned long, std::allocator<std::vector<int, std::allocator<int> > > const&)
                0x000000000040381a                std::_Vector_base<std::vector<int, std::allocator<int> >, std::allocator<std::vector<int, std::allocator<int> > > >::_Vector_base(unsigned long, std::allocator<std::vector<int, std::allocator<int> > > const&)
 *fill*         0x0000000000403877        0x1 
 .text._ZNSt6vectorIS_IiSaIiEESaIS1_EE18_M_fill_initializeEmRKS1_
                0x0000000000403878       0x45 main.o
                0x0000000000403878                std::vector<std::vector<int, std::allocator<int> >, std::allocator<std::vector<int, std::allocator<int> > > >::_M_fill_initialize(unsigned long, std::vector<int, std::allocator<int> > const&)
 *fill*         0x00000000004038bd        0x1 
 .text._ZNSt12_Vector_baseISt6vectorIiSaIiEESaIS2_EE19_M_get_Tp_allocatorEv
                0x00000000004038be        0xe main.o
                0x00000000004038be                std::_Vector_base<std::vector<int, std::allocator<int> >, std::allocator<std::vector<int, std::allocator<int> > > >::_M_get_Tp_allocator()
 .text._ZNSt12_Vector_baseISt6vectorIiSaIiEESaIS2_EE13_M_deallocateEPS2_m
                0x00000000004038cc       0x4e main.o
                0x00000000004038cc                std::_Vector_base<std::vector<int, std::allocator<int> >, std::allocator<std::vector<int, std::allocator<int> > > >::_M_deallocate(std::vector<int, std::allocator<int> >*, unsigned long)
 .text._ZNSt15__new_allocatorINSt7__cxx1112basic_stringIcSt11char_traitsIcESaIcEEEED2Ev
                0x000000000040391a        0xb main.o
                0x000000000040391a                std::__new_allocator<std::__cxx11::basic_string<char, std::char_traits<char>, std::allocator<char> > >::~__new_allocator()
                0x000000000040391a                std::__new_allocator<std::__cxx11::basic_string<char, std::char_traits<char>, std::allocator<char> > >::~__new_allocator()
 *fill*         0x0000000000403925        0x1 
 .text._ZNSt12_Vector_baseINSt7__cxx1112basic_stringIcSt11char_traitsIcESaIcEEESaIS5_EE12_Vector_implD2Ev
                0x0000000000403926       0x24 main.o
                0x0000000000403926                std::_Vector_base<std::__cxx11::basic_string<char, std::char_traits<char>, std::allocator<char> >, std::allocator<std::__cxx11::basic_string<char, std::char_traits<char>, std::allocator<char> > > >::_Vector_impl::~_Vector_impl()
                0x0000000000403926                std::_Vector_base<std::__cxx11::basic_string<char, std::char_traits<char>, std::allocator<char> >, std::allocator<std::__cxx11::basic_string<char, std::char_traits<char>, std::allocator<char> > > >::_Vector_impl::~_Vector_impl()
 .text._ZNSt12_Vector_baseINSt7__cxx1112basic_stringIcSt11char_traitsIcESaIcEEESaIS5_EEC2ERKS6_
                0x000000000040394a       0x26 main.o
                0x000000000040394a                std::_Vector_base<std::__cxx11::basic_string<char, std::char_traits<char>, std::allocator<char> >, std::allocator<std::__cxx11::basic_string<char, std::char_traits<char>, std::allocator<char> > > >::_Vector_base(std::allocator<std::__cxx11::basic_string<char, std::char_traits<char>, std::allocator<char> > > const&)
                0x000000000040394a                std::_Vector_base<std::__cxx11::basic_string<char, std::char_traits<char>, std::allocator<char> >, std::allocator<std::__cxx11::basic_string<char, std::char_traits<char>, std::allocator<char> > > >::_Vector_base(std::allocator<std::__cxx11::basic_string<char, std::char_traits<char>, std::allocator<char> > > const&)
 .text._ZNSt12_Vector_baseINSt7__cxx1112basic_stringIcSt11char_traitsIcESaIcEEESaIS5_EED2Ev
                0x0000000000403970       0x4d main.o
                0x0000000000403970                std::_Vector_base<std::__cxx11::basic_string<char, std::char_traits<char>, std::allocator<char> >, std::allocator<std::__cxx11::basic_string<char, std::char_traits<char>, std::allocator<char> > > >::~_Vector_base()
                0x0000000000403970                std::_Vector_base<std::__cxx11::basic_string<char, std::char_traits<char>, std::allocator<char> >, std::allocator<std::__cxx11::basic_string<char, std::char_traits<char>, std::allocator<char> > > >::~_Vector_base()
 *fill*         0x00000000004039bd        0x1 
 .text._ZNSt6vectorINSt7__cxx1112basic_stringIcSt11char_traitsIcESaIcEEESaIS5_EE19_M_range_initializeIPKPKcEEvT_SD_St20forward_iterator_tag
                0x00000000004039be       0xca main.o
                0x00000000004039be                void std::vector<std::__cxx11::basic_string<char, std::char_traits<char>, std::allocator<char> >, std::allocator<std::__cxx11::basic_string<char, std::char_traits<char>, std::allocator<char> > > >::_M_range_initialize<char const* const*>(char const* const*, char const* const*, std::forward_iterator_tag)
 .text._ZNSt12_Vector_baseINSt7__cxx1112basic_stringIcSt11char_traitsIcESaIcEEESaIS5_EE19_M_get_Tp_allocatorEv
                0x0000000000403a88        0xe main.o
                0x0000000000403a88                std::_Vector_base<std::__cxx11::basic_string<char, std::char_traits<char>, std::allocator<char> >, std::allocator<std::__cxx11::basic_string<char, std::char_traits<char>, std::allocator<char> > > >::_M_get_Tp_allocator()
 .text._ZNSt6vectorIiSaIiEE11_S_max_sizeERKS0_
                0x0000000000403a96       0x5a main.o
                0x0000000000403a96                std::vector<int, std::allocator<int> >::_S_max_size(std::allocator<int> const&)
 .text._ZNSt12_Vector_baseIiSaIiEE12_Vector_implC2ERKS0_
                0x0000000000403af0       0x41 main.o
                0x0000000000403af0                std::_Vector_base<int, std::allocator<int> >::_Vector_impl::_Vector_impl(std::allocator<int> const&)
                0x0000000000403af0                std::_Vector_base<int, std::allocator<int> >::_Vector_impl::_Vector_impl(std::allocator<int> const&)
 *fill*         0x0000000000403b31        0x1 
 .text._ZNSt12_Vector_baseIiSaIiEE17_M_create_storageEm
                0x0000000000403b32       0x56 main.o
                0x0000000000403b32                std::_Vector_base<int, std::allocator<int> >::_M_create_storage(unsigned long)
 .text._ZSt24__uninitialized_fill_n_aIPimiiET_S1_T0_RKT1_RSaIT2_E
                0x0000000000403b88       0x31 main.o
                0x0000000000403b88                int* std::__uninitialized_fill_n_a<int*, unsigned long, int, int>(int*, unsigned long, int const&, std::allocator<int>&)
 .text._ZSt8_DestroyIPiEvT_S1_
                0x0000000000403bb9       0x26 main.o
                0x0000000000403bb9                void std::_Destroy<int*>(int*, int*)
 *fill*         0x0000000000403bdf        0x1 
 .text._ZN9__gnu_cxx17__normal_iteratorIPKiSt6vectorIiSaIiEEEC2ERKS2_
                0x0000000000403be0       0x1d main.o
                0x0000000000403be0                __gnu_cxx::__normal_iterator<int const*, std::vector<int, std::allocator<int> > >::__normal_iterator(int const* const&)
                0x0000000000403be0                __gnu_cxx::__normal_iterator<int const*, std::vector<int, std::allocator<int> > >::__normal_iterator(int const* const&)
 *fill*         0x0000000000403bfd        0x1 
 .text._ZNK9__gnu_cxx17__normal_iteratorIPKiSt6vectorIiSaIiEEE4baseEv
                0x0000000000403bfe        0xe main.o
                0x0000000000403bfe                __gnu_cxx::__normal_iterator<int const*, std::vector<int, std::allocator<int> > >::base() const
 .text._ZN9__gnu_cxx17__normal_iteratorIPiSt6vectorIiSaIiEEEC2ERKS1_
                0x0000000000403c0c       0x1d main.o
                0x0000000000403c0c                __gnu_cxx::__normal_iterator<int*, std::vector<int, std::allocator<int> > >::__normal_iterator(int* const&)
                0x0000000000403c0c                __gnu_cxx::__normal_iterator<int*, std::vector<int, std::allocator<int> > >::__normal_iterator(int* const&)
 .text._ZSt7forwardIRKiEOT_RNSt16remove_referenceIS2_E4typeE
                0x0000000000403c29        0xe main.o
                0x0000000000403c29                int const& std::forward<int const&>(std::remove_reference<int const&>::type&)
 *fill*         0x0000000000403c37        0x1 
 .text._ZNKSt6vectorIiSaIiEE12_M_check_lenEmPKc
                0x0000000000403c38       0xc8 main.o
                0x0000000000403c38                std::vector<int, std::allocator<int> >::_M_check_len(unsigned long, char const*) const
 .text._ZNSt6vectorIiSaIiEE5beginEv
                0x0000000000403d00       0x25 main.o
                0x0000000000403d00                std::vector<int, std::allocator<int> >::begin()
 .text._ZN9__gnu_cxxmiIPiSt6vectorIiSaIiEEEENS_17__normal_iteratorIT_T0_E15difference_typeERKS8_SB_
                0x0000000000403d25       0x42 main.o
                0x0000000000403d25                __gnu_cxx::__normal_iterator<int*, std::vector<int, std::allocator<int> > >::difference_type __gnu_cxx::operator-<int*, std::vector<int, std::allocator<int> > >(__gnu_cxx::__normal_iterator<int*, std::vector<int, std::allocator<int> > > const&, __gnu_cxx::__normal_iterator<int*, std::vector<int, std::allocator<int> > > const&)
 *fill*         0x0000000000403d67        0x1 
 .text._ZNSt12_Vector_baseIiSaIiEE11_M_allocateEm
                0x0000000000403d68       0x49 main.o
                0x0000000000403d68                std::_Vector_base<int, std::allocator<int> >::_M_allocate(unsigned long)
 .text._ZNSt6vectorIiSaIiEE11_S_relocateEPiS2_S2_RS0_
                0x0000000000403db1       0x32 main.o
                0x0000000000403db1                std::vector<int, std::allocator<int> >::_S_relocate(int*, int*, int*, std::allocator<int>&)
 *fill*         0x0000000000403de3        0x1 
 .text._ZNK9__gnu_cxx17__normal_iteratorIPiSt6vectorIiSaIiEEE4baseEv
                0x0000000000403de4        0xe main.o
                0x0000000000403de4                __gnu_cxx::__normal_iterator<int*, std::vector<int, std::allocator<int> > >::base() const
 .text._ZNSt6vectorIS_IiSaIiEESaIS1_EE11_S_max_sizeERKS2_
                0x0000000000403df2       0x5a main.o
                0x0000000000403df2                std::vector<std::vector<int, std::allocator<int> >, std::allocator<std::vector<int, std::allocator<int> > > >::_S_max_size(std::allocator<std::vector<int, std::allocator<int> > > const&)
 .text._ZNSt12_Vector_baseISt6vectorIiSaIiEESaIS2_EE12_Vector_implC2ERKS3_
                0x0000000000403e4c       0x41 main.o
                0x0000000000403e4c                std::_Vector_base<std::vector<int, std::allocator<int> >, std::allocator<std::vector<int, std::allocator<int> > > >::_Vector_impl::_Vector_impl(std::allocator<std::vector<int, std::allocator<int> > > const&)
                0x0000000000403e4c                std::_Vector_base<std::vector<int, std::allocator<int> >, std::allocator<std::vector<int, std::allocator<int> > > >::_Vector_impl::_Vector_impl(std::allocator<std::vector<int, std::allocator<int> > > const&)
 *fill*         0x0000000000403e8d        0x1 
 .text._ZNSt12_Vector_baseISt6vectorIiSaIiEESaIS2_EE17_M_create_storageEm
                0x0000000000403e8e       0x60 main.o
                0x0000000000403e8e                std::_Vector_base<std::vector<int, std::allocator<int> >, std::allocator<std::vector<int, std::allocator<int> > > >::_M_create_storage(unsigned long)
 .text._ZSt24__uninitialized_fill_n_aIPSt6vectorIiSaIiEEmS2_S2_ET_S4_T0_RKT1_RSaIT2_E
                0x0000000000403eee       0x31 main.o
                0x0000000000403eee                std::vector<int, std::allocator<int> >* std::__uninitialized_fill_n_a<std::vector<int, std::allocator<int> >*, unsigned long, std::vector<int, std::allocator<int> >, std::vector<int, std::allocator<int> > >(std::vector<int, std::allocator<int> >*, unsigned long, std::vector<int, std::allocator<int> > const&, std::allocator<std::vector<int, std::allocator<int> > >&)
 .text._ZSt8_DestroyIPSt6vectorIiSaIiEEEvT_S4_
                0x0000000000403f1f       0x26 main.o
                0x0000000000403f1f                void std::_Destroy<std::vector<int, std::allocator<int> >*>(std::vector<int, std::allocator<int> >*, std::vector<int, std::allocator<int> >*)
 *fill*         0x0000000000403f45        0x1 
 .text._ZNSt12_Vector_baseINSt7__cxx1112basic_stringIcSt11char_traitsIcESaIcEEESaIS5_EE12_Vector_implC2ERKS6_
                0x0000000000403f46       0x41 main.o
                0x0000000000403f46                std::_Vector_base<std::__cxx11::basic_string<char, std::char_traits<char>, std::allocator<char> >, std::allocator<std::__cxx11::basic_string<char, std::char_traits<char>, std::allocator<char> > > >::_Vector_impl::_Vector_impl(std::allocator<std::__cxx11::basic_string<char, std::char_traits<char>, std::allocator<char> > > const&)
                0x0000000000403f46                std::_Vector_base<std::__cxx11::basic_string<char, std::char_traits<char>, std::allocator<char> >, std::allocator<std::__cxx11::basic_string<char, std::char_traits<char>, std::allocator<char> > > >::_Vector_impl::_Vector_impl(std::allocator<std::__cxx11::basic_string<char, std::char_traits<char>, std::allocator<char> > > const&)
 *fill*         0x0000000000403f87        0x1 
 .text._ZNSt12_Vector_baseINSt7__cxx1112basic_stringIcSt11char_traitsIcESaIcEEESaIS5_EE13_M_deallocateEPS5_m
                0x0000000000403f88       0x4e main.o
                0x0000000000403f88                std::_Vector_base<std::__cxx11::basic_string<char, std::char_traits<char>, std::allocator<char> >, std::allocator<std::__cxx11::basic_string<char, std::char_traits<char>, std::allocator<char> > > >::_M_deallocate(std::__cxx11::basic_string<char, std::char_traits<char>, std::allocator<char> >*, unsigned long)
 .text._ZNSt6vectorINSt7__cxx1112basic_stringIcSt11char_traitsIcESaIcEEESaIS5_EE17_S_check_init_lenEmRKS6_
                0x0000000000403fd6       0x63 main.o
                0x0000000000403fd6                std::vector<std::__cxx11::basic_string<char, std::char_traits<char>, std::allocator<char> >, std::allocator<std::__cxx11::basic_string<char, std::char_traits<char>, std::allocator<char> > > >::_S_check_init_len(unsigned long, std::allocator<std::__cxx11::basic_string<char, std::char_traits<char>, std::allocator<char> > > const&)
 *fill*         0x0000000000404039        0x1 
 .text._ZNSt12_Vector_baseINSt7__cxx1112basic_stringIcSt11char_traitsIcESaIcEEESaIS5_EE11_M_allocateEm
                0x000000000040403a       0x49 main.o
                0x000000000040403a                std::_Vector_base<std::__cxx11::basic_string<char, std::char_traits<char>, std::allocator<char> >, std::allocator<std::__cxx11::basic_string<char, std::char_traits<char>, std::allocator<char> > > >::_M_allocate(unsigned long)
 .text._ZSt22__uninitialized_copy_aIPKPKcPNSt7__cxx1112basic_stringIcSt11char_traitsIcESaIcEEES9_ET0_T_SC_SB_RSaIT1_E
                0x0000000000404083       0x31 main.o
                0x0000000000404083                std::__cxx11::basic_string<char, std::char_traits<char>, std::allocator<char> >* std::__uninitialized_copy_a<char const* const*, std::__cxx11::basic_string<char, std::char_traits<char>, std::allocator<char> >*, std::__cxx11::basic_string<char, std::char_traits<char>, std::allocator<char> > >(char const* const*, char const* const*, std::__cxx11::basic_string<char, std::char_traits<char>, std::allocator<char> >*, std::allocator<std::__cxx11::basic_string<char, std::char_traits<char>, std::allocator<char> > >&)
 .text._ZSt8_DestroyIPNSt7__cxx1112basic_stringIcSt11char_traitsIcESaIcEEEEvT_S7_
                0x00000000004040b4       0x26 main.o
                0x00000000004040b4                void std::_Destroy<std::__cxx11::basic_string<char, std::char_traits<char>, std::allocator<char> >*>(std::__cxx11::basic_string<char, std::char_traits<char>, std::allocator<char> >*, std::__cxx11::basic_string<char, std::char_traits<char>, std::allocator<char> >*)
 .text._ZSt3minImERKT_S2_S2_
                0x00000000004040da       0x2b main.o
                0x00000000004040da                unsigned long const& std::min<unsigned long>(unsigned long const&, unsigned long const&)
 .text._ZSt20uninitialized_fill_nIPimiET_S1_T0_RKT1_
                0x0000000000404105       0x31 main.o
                0x0000000000404105                int* std::uninitialized_fill_n<int*, unsigned long, int>(int*, unsigned long, int const&)
 .text._ZNSt12_Destroy_auxILb1EE9__destroyIPiEEvT_S3_
                0x0000000000404136        0xf main.o
                0x0000000000404136                void std::_Destroy_aux<true>::__destroy<int*>(int*, int*)
 *fill*         0x0000000000404145        0x1 
 .text._ZNSt15__new_allocatorIiE10deallocateEPim
                0x0000000000404146       0x31 main.o
                0x0000000000404146                std::__new_allocator<int>::deallocate(int*, unsigned long)
 *fill*         0x0000000000404177        0x1 
 .text._ZNKSt6vectorIiSaIiEE8max_sizeEv
                0x0000000000404178       0x22 main.o
                0x0000000000404178                std::vector<int, std::allocator<int> >::max_size() const
 .text._ZSt3maxImERKT_S2_S2_
                0x000000000040419a       0x2b main.o
                0x000000000040419a                unsigned long const& std::max<unsigned long>(unsigned long const&, unsigned long const&)
 .text._ZSt12__relocate_aIPiS0_SaIiEET0_T_S3_S2_RT1_
                0x00000000004041c5       0x63 main.o
                0x00000000004041c5                int* std::__relocate_a<int*, int*, std::allocator<int> >(int*, int*, int*, std::allocator<int>&)
 .text._ZNSt12_Vector_baseISt6vectorIiSaIiEESaIS2_EE17_Vector_impl_dataC2Ev
                0x0000000000404228       0x2e main.o
                0x0000000000404228                std::_Vector_base<std::vector<int, std::allocator<int> >, std::allocator<std::vector<int, std::allocator<int> > > >::_Vector_impl_data::_Vector_impl_data()
                0x0000000000404228                std::_Vector_base<std::vector<int, std::allocator<int> >, std::allocator<std::vector<int, std::allocator<int> > > >::_Vector_impl_data::_Vector_impl_data()
 .text._ZNSt12_Vector_baseISt6vectorIiSaIiEESaIS2_EE11_M_allocateEm
                0x0000000000404256       0x49 main.o
                0x0000000000404256                std::_Vector_base<std::vector<int, std::allocator<int> >, std::allocator<std::vector<int, std::allocator<int> > > >::_M_allocate(unsigned long)
 .text._ZSt20uninitialized_fill_nIPSt6vectorIiSaIiEEmS2_ET_S4_T0_RKT1_
                0x000000000040429f       0x31 main.o
                0x000000000040429f                std::vector<int, std::allocator<int> >* std::uninitialized_fill_n<std::vector<int, std::allocator<int> >*, unsigned long, std::vector<int, std::allocator<int> > >(std::vector<int, std::allocator<int> >*, unsigned long, std::vector<int, std::allocator<int> > const&)
 .text._ZNSt12_Destroy_auxILb0EE9__destroyIPSt6vectorIiSaIiEEEEvT_S6_
                0x00000000004042d0       0x39 main.o
                0x00000000004042d0                void std::_Destroy_aux<false>::__destroy<std::vector<int, std::allocator<int> >*>(std::vector<int, std::allocator<int> >*, std::vector<int, std::allocator<int> >*)
 *fill*         0x0000000000404309        0x1 
 .text._ZNSt15__new_allocatorISt6vectorIiSaIiEEE10deallocateEPS2_m
                0x000000000040430a       0x39 main.o
                0x000000000040430a                std::__new_allocator<std::vector<int, std::allocator<int> > >::deallocate(std::vector<int, std::allocator<int> >*, unsigned long)
 *fill*         0x0000000000404343        0x1 
 .text._ZNSt12_Vector_baseINSt7__cxx1112basic_stringIcSt11char_traitsIcESaIcEEESaIS5_EE17_Vector_impl_dataC2Ev
                0x0000000000404344       0x2e main.o
                0x0000000000404344                std::_Vector_base<std::__cxx11::basic_string<char, std::char_traits<char>, std::allocator<char> >, std::allocator<std::__cxx11::basic_string<char, std::char_traits<char>, std::allocator<char> > > >::_Vector_impl_data::_Vector_impl_data()
                0x0000000000404344                std::_Vector_base<std::__cxx11::basic_string<char, std::char_traits<char>, std::allocator<char> >, std::allocator<std::__cxx11::basic_string<char, std::char_traits<char>, std::allocator<char> > > >::_Vector_impl_data::_Vector_impl_data()
 .text._ZNSt6vectorINSt7__cxx1112basic_stringIcSt11char_traitsIcESaIcEEESaIS5_EE11_S_max_sizeERKS6_
                0x0000000000404372       0x5a main.o
                0x0000000000404372                std::vector<std::__cxx11::basic_string<char, std::char_traits<char>, std::allocator<char> >, std::allocator<std::__cxx11::basic_string<char, std::char_traits<char>, std::allocator<char> > > >::_S_max_size(std::allocator<std::__cxx11::basic_string<char, std::char_traits<char>, std::allocator<char> > > const&)
 .text._ZSt18uninitialized_copyIPKPKcPNSt7__cxx1112basic_stringIcSt11char_traitsIcESaIcEEEET0_T_SC_SB_
                0x00000000004043cc       0x35 main.o
                0x00000000004043cc                std::__cxx11::basic_string<char, std::char_traits<char>, std::allocator<char> >* std::uninitialized_copy<char const* const*, std::__cxx11::basic_string<char, std::char_traits<char>, std::allocator<char> >*>(char const* const*, char const* const*, std::__cxx11::basic_string<char, std::char_traits<char>, std::allocator<char> >*)
 .text._ZNSt12_Destroy_auxILb0EE9__destroyIPNSt7__cxx1112basic_stringIcSt11char_traitsIcESaIcEEEEEvT_S9_
                0x0000000000404401       0x39 main.o
                0x0000000000404401                void std::_Destroy_aux<false>::__destroy<std::__cxx11::basic_string<char, std::char_traits<char>, std::allocator<char> >*>(std::__cxx11::basic_string<char, std::char_traits<char>, std::allocator<char> >*, std::__cxx11::basic_string<char, std::char_traits<char>, std::allocator<char> >*)
 .text._ZNSt22__uninitialized_fill_nILb1EE15__uninit_fill_nIPimiEET_S3_T0_RKT1_
                0x000000000040443a       0x2d main.o
                0x000000000040443a                int* std::__uninitialized_fill_n<true>::__uninit_fill_n<int*, unsigned long, int>(int*, unsigned long, int const&)
 *fill*         0x0000000000404467        0x1 
 .text._ZNKSt12_Vector_baseIiSaIiEE19_M_get_Tp_allocatorEv
                0x0000000000404468        0xe main.o
                0x0000000000404468                std::_Vector_base<int, std::allocator<int> >::_M_get_Tp_allocator() const
 .text._ZNSt15__new_allocatorIiE8allocateEmPKv
                0x0000000000404476       0x67 main.o
                0x0000000000404476                std::__new_allocator<int>::allocate(unsigned long, void const*)
 .text._ZSt12__niter_baseIPiET_S1_
                0x00000000004044dd        0xe main.o
                0x00000000004044dd                int* std::__niter_base<int*>(int*)
 .text._ZSt14__relocate_a_1IiiENSt9enable_ifIXsrSt24__is_bitwise_relocatableIT_vE5valueEPS2_E4typeES4_S4_S4_RSaIT0_E
                0x00000000004044eb       0x63 main.o
                0x00000000004044eb                std::enable_if<std::__is_bitwise_relocatable<int, void>::value, int*>::type std::__relocate_a_1<int, int>(int*, int*, int*, std::allocator<int>&)
 .text._ZNSt22__uninitialized_fill_nILb0EE15__uninit_fill_nIPSt6vectorIiSaIiEEmS4_EET_S6_T0_RKT1_
                0x000000000040454e       0x2d main.o
                0x000000000040454e                std::vector<int, std::allocator<int> >* std::__uninitialized_fill_n<false>::__uninit_fill_n<std::vector<int, std::allocator<int> >*, unsigned long, std::vector<int, std::allocator<int> > >(std::vector<int, std::allocator<int> >*, unsigned long, std::vector<int, std::allocator<int> > const&)
 .text._ZSt11__addressofISt6vectorIiSaIiEEEPT_RS3_
                0x000000000040457b        0xe main.o
                0x000000000040457b                std::vector<int, std::allocator<int> >* std::__addressof<std::vector<int, std::allocator<int> > >(std::vector<int, std::allocator<int> >&)
 .text._ZSt8_DestroyISt6vectorIiSaIiEEEvPT_
                0x0000000000404589       0x1b main.o
                0x0000000000404589                void std::_Destroy<std::vector<int, std::allocator<int> > >(std::vector<int, std::allocator<int> >*)
 .text._ZNSt15__new_allocatorINSt7__cxx1112basic_stringIcSt11char_traitsIcESaIcEEEE10deallocateEPS5_m
                0x00000000004045a4       0x30 main.o
                0x00000000004045a4                std::__new_allocator<std::__cxx11::basic_string<char, std::char_traits<char>, std::allocator<char> > >::deallocate(std::__cxx11::basic_string<char, std::char_traits<char>, std::allocator<char> >*, unsigned long)
 .text._ZNSt15__new_allocatorINSt7__cxx1112basic_stringIcSt11char_traitsIcESaIcEEEE8allocateEmPKv
                0x00000000004045d4       0x67 main.o
                0x00000000004045d4                std::__new_allocator<std::__cxx11::basic_string<char, std::char_traits<char>, std::allocator<char> > >::allocate(unsigned long, void const*)
 .text._ZNSt20__uninitialized_copyILb0EE13__uninit_copyIPKPKcPNSt7__cxx1112basic_stringIcSt11char_traitsIcESaIcEEEEET0_T_SE_SD_
                0x000000000040463b       0x2d main.o
                0x000000000040463b                std::__cxx11::basic_string<char, std::char_traits<char>, std::allocator<char> >* std::__uninitialized_copy<false>::__uninit_copy<char const* const*, std::__cxx11::basic_string<char, std::char_traits<char>, std::allocator<char> >*>(char const* const*, char const* const*, std::__cxx11::basic_string<char, std::char_traits<char>, std::allocator<char> >*)
 .text._ZSt11__addressofINSt7__cxx1112basic_stringIcSt11char_traitsIcESaIcEEEEPT_RS6_
                0x0000000000404668        0xe main.o
                0x0000000000404668                std::__cxx11::basic_string<char, std::char_traits<char>, std::allocator<char> >* std::__addressof<std::__cxx11::basic_string<char, std::char_traits<char>, std::allocator<char> > >(std::__cxx11::basic_string<char, std::char_traits<char>, std::allocator<char> >&)
 .text._ZSt8_DestroyINSt7__cxx1112basic_stringIcSt11char_traitsIcESaIcEEEEvPT_
                0x0000000000404676       0x1b main.o
                0x0000000000404676                void std::_Destroy<std::__cxx11::basic_string<char, std::char_traits<char>, std::allocator<char> > >(std::__cxx11::basic_string<char, std::char_traits<char>, std::allocator<char> >*)
 .text._ZSt6fill_nIPimiET_S1_T0_RKT1_
                0x0000000000404691       0x39 main.o
                0x0000000000404691                int* std::fill_n<int*, unsigned long, int>(int*, unsigned long, int const&)
 .text._ZNSt15__new_allocatorISt6vectorIiSaIiEEE8allocateEmPKv
                0x00000000004046ca       0x70 main.o
                0x00000000004046ca                std::__new_allocator<std::vector<int, std::allocator<int> > >::allocate(unsigned long, void const*)
 .text._ZSt18__do_uninit_fill_nIPSt6vectorIiSaIiEEmS2_ET_S4_T0_RKT1_
                0x000000000040473a       0x8d main.o
                0x000000000040473a                std::vector<int, std::allocator<int> >* std::__do_uninit_fill_n<std::vector<int, std::allocator<int> >*, unsigned long, std::vector<int, std::allocator<int> > >(std::vector<int, std::allocator<int> >*, unsigned long, std::vector<int, std::allocator<int> > const&)
 .text._ZSt16__do_uninit_copyIPKPKcPNSt7__cxx1112basic_stringIcSt11char_traitsIcESaIcEEEET0_T_SC_SB_
                0x00000000004047c7       0x90 main.o
                0x00000000004047c7                std::__cxx11::basic_string<char, std::char_traits<char>, std::allocator<char> >* std::__do_uninit_copy<char const* const*, std::__cxx11::basic_string<char, std::char_traits<char>, std::allocator<char> >*>(char const* const*, char const* const*, std::__cxx11::basic_string<char, std::char_traits<char>, std::allocator<char> >*)
 .text._ZSt10__fill_n_aIPimiET_S1_T0_RKT1_St26random_access_iterator_tag
                0x0000000000404857       0x5d main.o
                0x0000000000404857                int* std::__fill_n_a<int*, unsigned long, int>(int*, unsigned long, int const&, std::random_access_iterator_tag)
 .text._ZSt10_ConstructISt6vectorIiSaIiEEJRKS2_EEvPT_DpOT0_
                0x00000000004048b4       0x75 main.o
                0x00000000004048b4                void std::_Construct<std::vector<int, std::allocator<int> >, std::vector<int, std::allocator<int> > const&>(std::vector<int, std::allocator<int> >*, std::vector<int, std::allocator<int> > const&)
 .text._ZSt10_ConstructINSt7__cxx1112basic_stringIcSt11char_traitsIcESaIcEEEJRKPKcEEvPT_DpOT0_
                0x0000000000404929       0xa0 main.o
                0x0000000000404929                void std::_Construct<std::__cxx11::basic_string<char, std::char_traits<char>, std::allocator<char> >, char const* const&>(std::__cxx11::basic_string<char, std::char_traits<char>, std::allocator<char> >*, char const* const&)
 .text._ZSt8__fill_aIPiiEvT_S1_RKT0_
                0x00000000004049c9       0x2e main.o
                0x00000000004049c9                void std::__fill_a<int*, int>(int*, int*, int const&)
 .text._ZSt7forwardIRKSt6vectorIiSaIiEEEOT_RNSt16remove_referenceIS5_E4typeE
                0x00000000004049f7        0xe main.o
                0x00000000004049f7                std::vector<int, std::allocator<int> > const& std::forward<std::vector<int, std::allocator<int> > const&>(std::remove_reference<std::vector<int, std::allocator<int> > const&>::type&)
 *fill*         0x0000000000404a05        0x1 
 .text._ZNSt6vectorIiSaIiEEC2ERKS1_
                0x0000000000404a06      0x10f main.o
                0x0000000000404a06                std::vector<int, std::allocator<int> >::vector(std::vector<int, std::allocator<int> > const&)
                0x0000000000404a06                std::vector<int, std::allocator<int> >::vector(std::vector<int, std::allocator<int> > const&)
 .text._ZSt7forwardIRKPKcEOT_RNSt16remove_referenceIS4_E4typeE
                0x0000000000404b15        0xe main.o
                0x0000000000404b15                char const* const& std::forward<char const* const&>(std::remove_reference<char const* const&>::type&)
 .text._ZSt9__fill_a1IPiiEN9__gnu_cxx11__enable_ifIXsrSt11__is_scalarIT0_E7__valueEvE6__typeET_S8_RKS4_
                0x0000000000404b23       0x37 main.o
                0x0000000000404b23                __gnu_cxx::__enable_if<std::__is_scalar<int>::__value, void>::__type std::__fill_a1<int*, int>(int*, int*, int const&)
 .text._ZSt22__uninitialized_copy_aIN9__gnu_cxx17__normal_iteratorIPKiSt6vectorIiSaIiEEEEPiiET0_T_SA_S9_RSaIT1_E
                0x0000000000404b5a       0x31 main.o
                0x0000000000404b5a                int* std::__uninitialized_copy_a<__gnu_cxx::__normal_iterator<int const*, std::vector<int, std::allocator<int> > >, int*, int>(__gnu_cxx::__normal_iterator<int const*, std::vector<int, std::allocator<int> > >, __gnu_cxx::__normal_iterator<int const*, std::vector<int, std::allocator<int> > >, int*, std::allocator<int>&)
 .text._ZSt18uninitialized_copyIN9__gnu_cxx17__normal_iteratorIPKiSt6vectorIiSaIiEEEEPiET0_T_SA_S9_
                0x0000000000404b8b       0x35 main.o
                0x0000000000404b8b                int* std::uninitialized_copy<__gnu_cxx::__normal_iterator<int const*, std::vector<int, std::allocator<int> > >, int*>(__gnu_cxx::__normal_iterator<int const*, std::vector<int, std::allocator<int> > >, __gnu_cxx::__normal_iterator<int const*, std::vector<int, std::allocator<int> > >, int*)
 .text._ZNSt20__uninitialized_copyILb1EE13__uninit_copyIN9__gnu_cxx17__normal_iteratorIPKiSt6vectorIiSaIiEEEEPiEET0_T_SC_SB_
                0x0000000000404bc0       0x2d main.o
                0x0000000000404bc0                int* std::__uninitialized_copy<true>::__uninit_copy<__gnu_cxx::__normal_iterator<int const*, std::vector<int, std::allocator<int> > >, int*>(__gnu_cxx::__normal_iterator<int const*, std::vector<int, std::allocator<int> > >, __gnu_cxx::__normal_iterator<int const*, std::vector<int, std::allocator<int> > >, int*)
 .text._ZSt4copyIN9__gnu_cxx17__normal_iteratorIPKiSt6vectorIiSaIiEEEEPiET0_T_SA_S9_
                0x0000000000404bed       0x4b main.o
                0x0000000000404bed                int* std::copy<__gnu_cxx::__normal_iterator<int const*, std::vector<int, std::allocator<int> > >, int*>(__gnu_cxx::__normal_iterator<int const*, std::vector<int, std::allocator<int> > >, __gnu_cxx::__normal_iterator<int const*, std::vector<int, std::allocator<int> > >, int*)
 .text._ZSt12__miter_baseIN9__gnu_cxx17__normal_iteratorIPKiSt6vectorIiSaIiEEEEET_S8_
                0x0000000000404c38        0xe main.o
                0x0000000000404c38                __gnu_cxx::__normal_iterator<int const*, std::vector<int, std::allocator<int> > > std::__miter_base<__gnu_cxx::__normal_iterator<int const*, std::vector<int, std::allocator<int> > > >(__gnu_cxx::__normal_iterator<int const*, std::vector<int, std::allocator<int> > >)
 .text._ZSt13__copy_move_aILb0EN9__gnu_cxx17__normal_iteratorIPKiSt6vectorIiSaIiEEEEPiET1_T0_SA_S9_
                0x0000000000404c46       0x6a main.o
                0x0000000000404c46                int* std::__copy_move_a<false, __gnu_cxx::__normal_iterator<int const*, std::vector<int, std::allocator<int> > >, int*>(__gnu_cxx::__normal_iterator<int const*, std::vector<int, std::allocator<int> > >, __gnu_cxx::__normal_iterator<int const*, std::vector<int, std::allocator<int> > >, int*)
 .text._ZSt12__niter_baseIPKiSt6vectorIiSaIiEEET_N9__gnu_cxx17__normal_iteratorIS5_T0_EE
                0x0000000000404cb0       0x1d main.o
                0x0000000000404cb0                int const* std::__niter_base<int const*, std::vector<int, std::allocator<int> > >(__gnu_cxx::__normal_iterator<int const*, std::vector<int, std::allocator<int> > >)
 .text._ZSt14__copy_move_a1ILb0EPKiPiET1_T0_S4_S3_
                0x0000000000404ccd       0x2d main.o
                0x0000000000404ccd                int* std::__copy_move_a1<false, int const*, int*>(int const*, int const*, int*)
 .text._ZSt12__niter_wrapIPiET_RKS1_S1_
                0x0000000000404cfa       0x12 main.o
                0x0000000000404cfa                int* std::__niter_wrap<int*>(int* const&, int*)
 .text._ZSt14__copy_move_a2ILb0EPKiPiET1_T0_S4_S3_
                0x0000000000404d0c       0x2d main.o
                0x0000000000404d0c                int* std::__copy_move_a2<false, int const*, int*>(int const*, int const*, int*)
 .text._ZNSt11__copy_moveILb0ELb1ESt26random_access_iterator_tagE8__copy_mIKiiEEPT0_PT_S7_S5_
                0x0000000000404d39       0x84 main.o
                0x0000000000404d39                int* std::__copy_move<false, true, std::random_access_iterator_tag>::__copy_m<int const, int>(int const*, int const*, int*)
 .text._ZNSt11__copy_moveILb0ELb0ESt26random_access_iterator_tagE12__assign_oneIiKiEEvPT_PT0_
                0x0000000000404dbd       0x1b main.o
                0x0000000000404dbd                void std::__copy_move<false, false, std::random_access_iterator_tag>::__assign_one<int, int const>(int*, int const*)
 .text          0x0000000000404dd8        0x0 /usr/lib64/gcc/x86_64-suse-linux/13/crtend.o
 .text          0x0000000000404dd8        0x0 /usr/lib64/gcc/x86_64-suse-linux/13/../../../../lib64/crtn.o
 *(.gnu.warning)

.fini           0x0000000000404dd8        0xd
 *(SORT_NONE(.fini))
 .fini          0x0000000000404dd8        0x8 /usr/lib64/gcc/x86_64-suse-linux/13/../../../../lib64/crti.o
                0x0000000000404dd8                _fini
 .fini          0x0000000000404de0        0x5 /usr/lib64/gcc/x86_64-suse-linux/13/../../../../lib64/crtn.o
                [!provide]                        PROVIDE (__etext = .)
                [!provide]                        PROVIDE (_etext = .)
                [!provide]                        PROVIDE (etext = .)
                0x0000000000405000                . = ALIGN (CONSTANT (MAXPAGESIZE))
                0x0000000000405000                . = SEGMENT_START ("rodata-segment", (ALIGN (CONSTANT (MAXPAGESIZE)) + (. & (CONSTANT (MAXPAGESIZE) - 0x1))))

.rodata         0x0000000000405000       0xb6
 *(.rodata .rodata.* .gnu.linkonce.r.*)
 .rodata.cst4   0x0000000000405000        0x4 /usr/lib64/gcc/x86_64-suse-linux/13/../../../../lib64/crt1.o
                0x0000000000405000                _IO_stdin_used
 *fill*         0x0000000000405004        0x4 
 .rodata        0x0000000000405008       0xae main.o

.rodata1
 *(.rodata1)

.eh_frame_hdr   0x00000000004050b8      0x4b4
 *(.eh_frame_hdr)
 .eh_frame_hdr  0x00000000004050b8      0x4b4 /usr/lib64/gcc/x86_64-suse-linux/13/../../../../lib64/crt1.o
                0x00000000004050b8                __GNU_EH_FRAME_HDR
 *(.eh_frame_entry .eh_frame_entry.*)

.eh_frame       0x0000000000405570     0x1394
 *(.eh_frame)
 .eh_frame      0x0000000000405570       0x40 /usr/lib64/gcc/x86_64-suse-linux/13/../../../../lib64/crt1.o
                                         0x5c (size before relaxing)
 *fill*         0x00000000004055b0        0x0 
 .eh_frame      0x00000000004055b0       0x28 /usr/lib64/gcc/x86_64-suse-linux/13/../../../../lib64/crt1.o
                                         0x40 (size before relaxing)
 .eh_frame      0x00000000004055d8        0x0 /usr/lib64/gcc/x86_64-suse-linux/13/../../../../lib64/crt1.o
 .eh_frame      0x00000000004055d8     0x1328 main.o
                                       0x1340 (size before relaxing)
 .eh_frame      0x0000000000406900        0x4 /usr/lib64/gcc/x86_64-suse-linux/13/crtend.o
 *(.eh_frame.*)

.sframe         0x0000000000406904        0x0
 *(.sframe)
 .sframe        0x0000000000406904        0x0 /usr/lib64/gcc/x86_64-suse-linux/13/../../../../lib64/crt1.o
 *(.sframe.*)

.gcc_except_table
                0x0000000000406904      0x125
 *(.gcc_except_table .gcc_except_table.*)
 .gcc_except_table
                0x0000000000406904      0x125 main.o

.gnu_extab
 *(.gnu_extab*)

.exception_ranges
 *(.exception_ranges*)
                0x0000000000407da8                . = DATA_SEGMENT_ALIGN (CONSTANT (MAXPAGESIZE), CONSTANT (COMMONPAGESIZE))

.eh_frame
 *(.eh_frame)
 *(.eh_frame.*)

.sframe
 *(.sframe)
 *(.sframe.*)

.gnu_extab
 *(.gnu_extab)

.gcc_except_table
 *(.gcc_except_table .gcc_except_table.*)

.exception_ranges
 *(.exception_ranges*)

.tdata          0x0000000000407da8        0x0
                [!provide]                        PROVIDE (__tdata_start = .)
 *(.tdata .tdata.* .gnu.linkonce.td.*)

.tbss
 *(.tbss .tbss.* .gnu.linkonce.tb.*)
 *(.tcommon)

.preinit_array  0x0000000000407da8        0x0
                [!provide]                        PROVIDE (__preinit_array_start = .)
 *(.preinit_array)
                [!provide]                        PROVIDE (__preinit_array_end = .)

.init_array     0x0000000000407da8        0x8
                [!provide]                        PROVIDE (__init_array_start = .)
 *(SORT_BY_INIT_PRIORITY(.init_array.*) SORT_BY_INIT_PRIORITY(.ctors.*))
 *(.init_array EXCLUDE_FILE(*crtend?.o *crtend.o *crtbegin?.o *crtbegin.o) .ctors)
 .init_array    0x0000000000407da8        0x8 /usr/lib64/gcc/x86_64-suse-linux/13/crtbegin.o
                [!provide]                        PROVIDE (__init_array_end = .)

.fini_array     0x0000000000407db0        0x8
                [!provide]                        PROVIDE (__fini_array_start = .)
 *(SORT_BY_INIT_PRIORITY(.fini_array.*) SORT_BY_INIT_PRIORITY(.dtors.*))
 *(.fini_array EXCLUDE_FILE(*crtend?.o *crtend.o *crtbegin?.o *crtbegin.o) .dtors)
 .fini_array    0x0000000000407db0        0x8 /usr/lib64/gcc/x86_64-suse-linux/13/crtbegin.o
                [!provide]                        PROVIDE (__fini_array_end = .)

.ctors
 *crtbegin.o(.ctors)
 *crtbegin?.o(.ctors)
 *(EXCLUDE_FILE(*crtend?.o *crtend.o) .ctors)
 *(SORT_BY_NAME(.ctors.*))
 *(.ctors)

.dtors
 *crtbegin.o(.dtors)
 *crtbegin?.o(.dtors)
 *(EXCLUDE_FILE(*crtend?.o *crtend.o) .dtors)
 *(SORT_BY_NAME(.dtors.*))
 *(.dtors)

.jcr
 *(.jcr)

.data.rel.ro    0x0000000000407db8        0x0
 *(.data.rel.ro.local* .gnu.linkonce.d.rel.ro.local.*)
 *(.data.rel.ro .data.rel.ro.* .gnu.linkonce.d.rel.ro.*)
 .data.rel.ro   0x0000000000407db8        0x0 /usr/lib64/gcc/x86_64-suse-linux/13/../../../../lib64/crt1.o

.dynamic        0x0000000000407db8      0x210
 *(.dynamic)
 .dynamic       0x0000000000407db8      0x210 /usr/lib64/gcc/x86_64-suse-linux/13/../../../../lib64/crt1.o
                0x0000000000407db8                _DYNAMIC

.got            0x0000000000407fc8       0x20
 *(.got)
 .got           0x0000000000407fc8       0x20 /usr/lib64/gcc/x86_64-suse-linux/13/../../../../lib64/crt1.o
 *(.igot)
                0x0000000000407fe8                . = DATA_SEGMENT_RELRO_END (., (SIZEOF (.got.plt) >= 0x18)?0x18:0x0)

.got.plt        0x0000000000407fe8       0xf8
 *(.got.plt)
 .got.plt       0x0000000000407fe8       0xf8 /usr/lib64/gcc/x86_64-suse-linux/13/../../../../lib64/crt1.o
                0x0000000000407fe8                _GLOBAL_OFFSET_TABLE_
 *(.igot.plt)
 .igot.plt      0x00000000004080e0        0x0 /usr/lib64/gcc/x86_64-suse-linux/13/../../../../lib64/crt1.o

.data           0x00000000004080e0       0x10
 *(.data .data.* .gnu.linkonce.d.*)
 .data          0x00000000004080e0        0x4 /usr/lib64/gcc/x86_64-suse-linux/13/../../../../lib64/crt1.o
                0x00000000004080e0                data_start
                0x00000000004080e0                __data_start
 .data          0x00000000004080e4        0x0 /usr/lib64/gcc/x86_64-suse-linux/13/../../../../lib64/crti.o
 *fill*         0x00000000004080e4        0x4 
 .data          0x00000000004080e8        0x8 /usr/lib64/gcc/x86_64-suse-linux/13/crtbegin.o
                0x00000000004080e8                __dso_handle
 .data          0x00000000004080f0        0x0 main.o
 .data          0x00000000004080f0        0x0 /usr/lib64/gcc/x86_64-suse-linux/13/crtend.o
 .data          0x00000000004080f0        0x0 /usr/lib64/gcc/x86_64-suse-linux/13/../../../../lib64/crtn.o

.tm_clone_table
                0x00000000004080f0        0x0
 .tm_clone_table
                0x00000000004080f0        0x0 /usr/lib64/gcc/x86_64-suse-linux/13/crtbegin.o
 .tm_clone_table
                0x00000000004080f0        0x0 /usr/lib64/gcc/x86_64-suse-linux/13/crtend.o

.data1
 *(.data1)
                0x00000000004080f0                _edata = .
                [!provide]                        PROVIDE (edata = .)
                0x00000000004080f0                . = .
                0x00000000004080f0                __bss_start = .

.bss            0x0000000000408100      0x118
 *(.dynbss)
 *fill*         0x0000000000408100        0x0 
 .dynbss        0x0000000000408100      0x110 /usr/lib64/gcc/x86_64-suse-linux/13/../../../../lib64/crt1.o
                0x0000000000408100                std::cout@@GLIBCXX_3.4
 *(.bss .bss.* .gnu.linkonce.b.*)
 .bss           0x0000000000408210        0x0 /usr/lib64/gcc/x86_64-suse-linux/13/../../../../lib64/crt1.o
 .bss           0x0000000000408210        0x0 /usr/lib64/gcc/x86_64-suse-linux/13/../../../../lib64/crti.o
 .bss           0x0000000000408210        0x1 /usr/lib64/gcc/x86_64-suse-linux/13/crtbegin.o
 .bss           0x0000000000408211        0x0 main.o
 .bss           0x0000000000408211        0x0 /usr/lib64/gcc/x86_64-suse-linux/13/crtend.o
 .bss           0x0000000000408211        0x0 /usr/lib64/gcc/x86_64-suse-linux/13/../../../../lib64/crtn.o
 *(COMMON)
                0x0000000000408218                . = ALIGN ((. != 0x0)?0x8:0x1)
 *fill*         0x0000000000408211        0x7 

.lbss
 *(.dynlbss)
 *(.lbss .lbss.* .gnu.linkonce.lb.*)
 *(LARGE_COMMON)
                0x0000000000408218                . = ALIGN (0x8)
                0x0000000000408218                . = SEGMENT_START ("ldata-segment", .)

.lrodata
 *(.lrodata .lrodata.* .gnu.linkonce.lr.*)

.ldata          0x000000000040a218        0x0
 *(.ldata .ldata.* .gnu.linkonce.l.*)
                0x000000000040a218                . = ALIGN ((. != 0x0)?0x8:0x1)
                0x000000000040a218                . = ALIGN (0x8)
                0x0000000000408218                _end = .
                [!provide]                        PROVIDE (end = .)
                0x000000000040a218                . = DATA_SEGMENT_END (.)

.stab
 *(.stab)

.stabstr
 *(.stabstr)

.stab.excl
 *(.stab.excl)

.stab.exclstr
 *(.stab.exclstr)

.stab.index
 *(.stab.index)

.stab.indexstr
 *(.stab.indexstr)

.comment        0x0000000000000000       0x56
 *(.comment)
 .comment       0x0000000000000000       0x56 main.o
                                         0x57 (size before relaxing)

.gnu.build.attributes
 *(.gnu.build.attributes .gnu.build.attributes.*)

.debug
 *(.debug)

.line
 *(.line)

.debug_srcinfo
 *(.debug_srcinfo)

.debug_sfnames
 *(.debug_sfnames)

.debug_aranges  0x0000000000000000      0x120
 *(.debug_aranges)
 .debug_aranges
                0x0000000000000000       0xa0 /usr/lib64/gcc/x86_64-suse-linux/13/../../../../lib64/crt1.o
 .debug_aranges
                0x00000000000000a0       0x40 /usr/lib64/gcc/x86_64-suse-linux/13/../../../../lib64/crti.o
 .debug_aranges
                0x00000000000000e0       0x40 /usr/lib64/gcc/x86_64-suse-linux/13/../../../../lib64/crtn.o

.debug_pubnames
 *(.debug_pubnames)

.debug_info     0x0000000000000000      0x999
 *(.debug_info .gnu.linkonce.wi.*)
 .debug_info    0x0000000000000000      0x953 /usr/lib64/gcc/x86_64-suse-linux/13/../../../../lib64/crt1.o
 .debug_info    0x0000000000000953       0x23 /usr/lib64/gcc/x86_64-suse-linux/13/../../../../lib64/crti.o
 .debug_info    0x0000000000000976       0x23 /usr/lib64/gcc/x86_64-suse-linux/13/../../../../lib64/crtn.o

.debug_abbrev   0x0000000000000000      0x296
 *(.debug_abbrev)
 .debug_abbrev  0x0000000000000000      0x272 /usr/lib64/gcc/x86_64-suse-linux/13/../../../../lib64/crt1.o
 .debug_abbrev  0x0000000000000272       0x12 /usr/lib64/gcc/x86_64-suse-linux/13/../../../../lib64/crti.o
 .debug_abbrev  0x0000000000000284       0x12 /usr/lib64/gcc/x86_64-suse-linux/13/../../../../lib64/crtn.o

.debug_line     0x0000000000000000      0x250
 *(.debug_line .debug_line.* .debug_line_end)
 .debug_line    0x0000000000000000      0x187 /usr/lib64/gcc/x86_64-suse-linux/13/../../../../lib64/crt1.o
 .debug_line    0x0000000000000187       0x67 /usr/lib64/gcc/x86_64-suse-linux/13/../../../../lib64/crti.o
 .debug_line    0x00000000000001ee       0x62 /usr/lib64/gcc/x86_64-suse-linux/13/../../../../lib64/crtn.o

.debug_frame
 *(.debug_frame)

.debug_str      0x0000000000000000      0x694
 *(.debug_str)
 .debug_str     0x0000000000000000      0x662 /usr/lib64/gcc/x86_64-suse-linux/13/../../../../lib64/crt1.o
                                        0xab7 (size before relaxing)
 .debug_str     0x0000000000000662       0x19 /usr/lib64/gcc/x86_64-suse-linux/13/../../../../lib64/crti.o
                                         0x52 (size before relaxing)
 .debug_str     0x000000000000067b       0x19 /usr/lib64/gcc/x86_64-suse-linux/13/../../../../lib64/crtn.o
                                         0x52 (size before relaxing)

.debug_loc
 *(.debug_loc)

.debug_macinfo
 *(.debug_macinfo)

.debug_weaknames
 *(.debug_weaknames)

.debug_funcnames
 *(.debug_funcnames)

.debug_typenames
 *(.debug_typenames)

.debug_varnames
 *(.debug_varnames)

.debug_pubtypes
 *(.debug_pubtypes)

.debug_ranges
 *(.debug_ranges)

.debug_addr
 *(.debug_addr)

.debug_line_str
                0x0000000000000000      0x144
 *(.debug_line_str)
 .debug_line_str
                0x0000000000000000      0x136 /usr/lib64/gcc/x86_64-suse-linux/13/../../../../lib64/crt1.o
                                        0x2f0 (size before relaxing)
 .debug_line_str
                0x0000000000000136        0x7 /usr/lib64/gcc/x86_64-suse-linux/13/../../../../lib64/crti.o
                                         0x44 (size before relaxing)
 .debug_line_str
                0x000000000000013d        0x7 /usr/lib64/gcc/x86_64-suse-linux/13/../../../../lib64/crtn.o
                                         0x44 (size before relaxing)

.debug_loclists
 *(.debug_loclists)

.debug_macro
 *(.debug_macro)

.debug_names
 *(.debug_names)

.debug_rnglists
                0x0000000000000000       0x42
 *(.debug_rnglists)
 .debug_rnglists
                0x0000000000000000       0x21 /usr/lib64/gcc/x86_64-suse-linux/13/../../../../lib64/crti.o
 .debug_rnglists
                0x0000000000000021       0x21 /usr/lib64/gcc/x86_64-suse-linux/13/../../../../lib64/crtn.o

.debug_str_offsets
 *(.debug_str_offsets)

.debug_sup
 *(.debug_sup)

.gnu.attributes
 *(.gnu.attributes)

/DISCARD/
 *(.note.GNU-stack)
 *(.gnu_debuglink)
 *(.gnu.lto_*)
OUTPUT(matrix elf64-x86-64)
